// Jest Snapshot v1, https://goo.gl/fbAQLP

exports[`(1) Default render 1`] = `
<div
  className="faq-container section-container"
>
  <div
    className="accordion"
  >
    <div
      className="card"
      onClick={[Function]}
    >
      <div
        className="section flex flex-col border-bottom"
        onClick={[Function]}
      >
        <div
          className="flex justify-between items-center section-card relative"
        >
          <div
            className="flex items-center"
          >
            <div
              className="flex items-center ml-3"
            >
              <div
                className="section-title ml-1"
              >
                
              </div>
            </div>
          </div>
          <button
            className="p-0 btn btn-link"
            disabled={false}
            onBlur={[Function]}
            onClick={[Function]}
            onFocus={[Function]}
            onMouseOut={[Function]}
            onMouseOver={[Function]}
            type="button"
          >
            <div
              className="pointer"
              onClick={[Function]}
            >
              <span>
                <svg
                  className="slider-svg-down"
                  viewBox="6 8.59 12 7.41"
                >
                  <path
                    d="M0 0h24v24H0V0z"
                    fill="none"
                  />
                  <path
                    d="M7.41 8.59L12 13.17l4.59-4.58L18 10l-6 6-6-6 1.41-1.41z"
                    fill="currentColor"
                  />
                </svg>
              </span>
            </div>
          </button>
        </div>
      </div>
    </div>
    <div
      aria-expanded={null}
      className="collapse"
    >
      <div
        className="p-0 card-body"
      >
        <div
          className="section-body"
        />
      </div>
    </div>
  </div>
</div>
`;
