// Jest Snapshot v1, https://goo.gl/fbAQLP

exports[`(1) Default render 1`] = `
<button
  className="view-keys-btn btn btn-primary btn-sm"
  disabled={false}
  onClick={[Function]}
  type="button"
>
  <svg
    fill="currentColor"
    viewBox="0 0 16 16"
  >
    <path
      d="M16 8s-3-5.5-8-5.5S0 8 0 8s3 5.5 8 5.5S16 8 16 8zM1.173 8a13.133 13.133 0 0 1 1.66-2.043C4.12 4.668 5.88 3.5 8 3.5c2.12 0 3.879 1.168 5.168 2.457A13.133 13.133 0 0 1 14.828 8c-.058.087-.122.183-.195.288-.335.48-.83 1.12-1.465 1.755C11.879 11.332 10.119 12.5 8 12.5c-2.12 0-3.879-1.168-5.168-2.457A13.134 13.134 0 0 1 1.172 8z"
    />
    <path
      d="M8 5.5a2.5 2.5 0 1 0 0 5 2.5 2.5 0 0 0 0-5zM4.5 8a3.5 3.5 0 1 1 7 0 3.5 3.5 0 0 1-7 0z"
    />
  </svg>
   
  View Private keys
</button>
`;

exports[`(2) Dialog content 1`] = `
<div
  className="dialog-content"
>
  <form
    className=""
    onSubmit={[Function]}
  >
    <div
      className="form-group"
    >
      <label
        className="form-label"
        htmlFor="account-name"
      >
        Account
      </label>
      <input
        className="form-control"
        id="account-name"
        readOnly={true}
        type="text"
        value="foo"
      />
    </div>
    <div
      className="form-group"
    >
      <label
        className="form-label"
        htmlFor="cur-pass"
      >
        Current password
      </label>
      <input
        autoComplete="off"
        autoFocus={true}
        className="form-control"
        id="cur-pass"
        onChange={[Function]}
        required={true}
        type="password"
        value=""
      />
    </div>
    <div
      className="form-group"
    >
      <div>
        <button
          className="btn btn-outline-primary"
          disabled={false}
          onClick={[Function]}
          type="button"
        >
          Click to view keys
        </button>
      </div>
    </div>
  </form>
</div>
`;
