// Jest Snapshot v1, https://goo.gl/fbAQLP

exports[`(1) Default render. 1`] = `
<div
  className="voters-list"
>
  <div
    className="list-body"
  >
    <div
      className="list-item"
    >
      <div
        className="item-main"
      >
        <a
          href="/@foo"
          onClick={[Function]}
        >
          <span
            className="user-avatar small"
            style={
              Object {
                "backgroundImage": "url(https://images.ecency.com/u/foo/avatar/small)",
              }
            }
          />
        </a>
        <div
          className="item-info"
        >
          <a
            className="item-name notransalte"
            href="/@foo"
            onClick={[Function]}
          >
            foo
          </a>
          <span
            className="item-reputation"
          >
            77
          </span>
        </div>
      </div>
      <div
        className="item-extra"
      >
        <span>
          126,434.601 HP
        </span>
      </div>
    </div>
    <div
      className="list-item"
    >
      <div
        className="item-main"
      >
        <a
          href="/@bar"
          onClick={[Function]}
        >
          <span
            className="user-avatar small"
            style={
              Object {
                "backgroundImage": "url(https://images.ecency.com/u/bar/avatar/small)",
              }
            }
          />
        </a>
        <div
          className="item-info"
        >
          <a
            className="item-name notransalte"
            href="/@bar"
            onClick={[Function]}
          >
            bar
          </a>
          <span
            className="item-reputation"
          >
            62
          </span>
        </div>
      </div>
      <div
        className="item-extra"
      >
        <span>
          3,236.532 HP
        </span>
         + 
        <span>
          4,933.740 HP
           (proxy) 
        </span>
      </div>
    </div>
  </div>
</div>
`;
