// Jest Snapshot v1, https://goo.gl/fbAQLP

exports[`(1) Render list 1`] = `
<div
  className="friends-content"
>
  <div
    className="friends-list"
  >
    <div
      className="friend-search-box"
    >
      <input
        className="form-control"
        disabled={false}
        onChange={[Function]}
        onKeyDown={[Function]}
        placeholder="Search users"
        value=""
      />
    </div>
    <div
      className="friends-list-body"
    >
      <a
        className="friends-list-item"
        href="/@user1"
        onClick={[Function]}
      >
        <span
          className="user-avatar large"
          style={
            Object {
              "backgroundImage": "url(https://images.ecency.com/u/user1/avatar/medium)",
            }
          }
        />
        <div
          className="friend-name"
        >
          user1
        </div>
        <div
          className="friend-full-name"
        >
          User One
        </div>
      </a>
      <a
        className="friends-list-item"
        href="/@user2"
        onClick={[Function]}
      >
        <span
          className="user-avatar large"
          style={
            Object {
              "backgroundImage": "url(https://images.ecency.com/u/user2/avatar/medium)",
            }
          }
        />
        <div
          className="friend-name"
        >
          user2
        </div>
        <div
          className="friend-full-name"
        >
          User Two
        </div>
      </a>
      <a
        className="friends-list-item"
        href="/@user3"
        onClick={[Function]}
      >
        <span
          className="user-avatar large"
          style={
            Object {
              "backgroundImage": "url(https://images.ecency.com/u/user3/avatar/medium)",
            }
          }
        />
        <div
          className="friend-name"
        >
          user3
        </div>
        <div
          className="friend-full-name"
        >
          User Three
        </div>
      </a>
    </div>
  </div>
  <div
    className="load-more"
  >
    <button
      className="btn btn-primary"
      disabled={true}
      onClick={[Function]}
      type="button"
    >
      Load More
    </button>
  </div>
</div>
`;
