// Jest Snapshot v1, https://goo.gl/fbAQLP

exports[`(3) Default render of list 1`] = `
<div
  className="friends-content"
>
  <div
    className="friends-list"
  >
    <div
      className="friend-search-box"
    >
      <input
        className="form-control"
        disabled={false}
        onChange={[Function]}
        onKeyDown={[Function]}
        placeholder="Search users"
        value=""
      />
    </div>
    <div
      className="friends-list-body"
    >
      <div
        className="empty-list"
      >
         
        Nothing here
      </div>
    </div>
  </div>
</div>
`;
