// Jest Snapshot v1, https://goo.gl/fbAQLP

exports[`(1) Default render. 1`] = `
<div
  className="dialog-content"
>
  <div
    className="drafts-list"
  >
    Nothing here
  </div>
</div>
`;

exports[`(2) Test with data. 1`] = `
<div
  className="dialog-content"
>
  <div
    className="dialog-filter"
  >
    <input
      className="form-control"
      onChange={[Function]}
      placeholder="Search by title"
      type="text"
      value=""
    />
  </div>
  <div
    className="drafts-list"
  >
    <div
      className="drafts-list-body"
    >
      <div
        className="drafts-list-item"
      >
        <div
          className="item-header"
        >
          <div
            className="item-header-main"
          >
            <div
              className="author-part"
            >
              <a
                className="author-avatar"
              >
                <span
                  className="user-avatar medium"
                  style={
                    Object {
                      "backgroundImage": "url(https://images.ecency.com/u/talhasch/avatar/medium)",
                    }
                  }
                />
              </a>
              <a
                className="author"
              >
                talhasch
                <span
                  className="author-reputation"
                >
                  52
                </span>
              </a>
            </div>
            <span
              className="category"
              title="Unmoderated topics"
            >
              photofeed
            </span>
            <span
              className="date"
              title="2020-01-01 23:12:00"
            >
              3 days ago
            </span>
          </div>
        </div>
        <div
          className="item-body"
        >
          <div
            className="item-image"
            onClick={[Function]}
          >
            <div>
              <img
                alt="Aliquam luctus egestas enim"
                className="no-img"
                onError={[Function]}
                src="noimage.svg"
              />
            </div>
          </div>
          <div
            className="item-summary"
          >
            <div
              className="item-title"
            >
              <a
                onClick={[Function]}
              >
                Aliquam luctus egestas enim
              </a>
            </div>
            <div
              className="item-body"
            >
              <a
                onClick={[Function]}
              >
                Quis rhoncus dui scelerisque sit amet.
              </a>
            </div>
          </div>
          <div
            className="item-controls"
          >
            <span />
            <div
              className="btn-controls"
            >
              <a
                className="btn-clone"
                onClick={[Function]}
              >
                <span
                  title="Clone"
                >
                  <svg
                    fill="none"
                    height="16"
                    stroke="currentColor"
                    strokeLinecap="square"
                    strokeLinejoin="round"
                    strokeWidth="2.5"
                    viewBox="0 0 24 24"
                    width="16"
                    xmlns="http://www.w3.org/2000/svg"
                  >
                    <rect
                      height="13"
                      rx="2"
                      ry="2"
                      width="13"
                      x="9"
                      y="9"
                    />
                    <path
                      d="M5 15H4a2 2 0 0 1-2-2V4a2 2 0 0 1 2-2h9a2 2 0 0 1 2 2v1"
                    />
                  </svg>
                </span>
              </a>
              <a
                className="btn-edit"
                onClick={[Function]}
              >
                <span
                  title="Edit"
                >
                  <svg
                    viewBox="0 0 24 24"
                  >
                    <path
                      d="M14.06,9L15,9.94L5.92,19H5V18.08L14.06,9M17.66,3C17.41,3 17.15,3.1 16.96,3.29L15.13,5.12L18.88,8.87L20.71,7.04C21.1,6.65 21.1,6 20.71,5.63L18.37,3.29C18.17,3.09 17.92,3 17.66,3M14.06,6.19L3,17.25V21H6.75L17.81,9.94L14.06,6.19Z"
                      fill="currentColor"
                    />
                  </svg>
                </span>
              </a>
              <a
                className="btn-delete"
                onClick={[Function]}
              >
                <span
                  title="Delete"
                >
                  <svg
                    viewBox="0 0 24 24"
                  >
                    <path
                      d="M6,19A2,2 0 0,0 8,21H16A2,2 0 0,0 18,19V7H6V19M8.46,11.88L9.87,10.47L12,12.59L14.12,10.47L15.53,11.88L13.41,14L15.53,16.12L14.12,17.53L12,15.41L9.88,17.53L8.47,16.12L10.59,14L8.46,11.88M15.5,4L14.5,3H9.5L8.5,4H5V6H19V4H15.5Z"
                      fill="currentColor"
                    />
                  </svg>
                </span>
              </a>
            </div>
          </div>
        </div>
      </div>
      <div
        className="drafts-list-item"
      >
        <div
          className="item-header"
        >
          <div
            className="item-header-main"
          >
            <div
              className="author-part"
            >
              <a
                className="author-avatar"
              >
                <span
                  className="user-avatar medium"
                  style={
                    Object {
                      "backgroundImage": "url(https://images.ecency.com/u/talhasch/avatar/medium)",
                    }
                  }
                />
              </a>
              <a
                className="author"
              >
                talhasch
                <span
                  className="author-reputation"
                >
                  52
                </span>
              </a>
            </div>
            <span
              className="category"
              title="Unmoderated topics"
            >
              ecency
            </span>
            <span
              className="date"
              title="2020-01-01 23:12:00"
            >
              3 days ago
            </span>
          </div>
        </div>
        <div
          className="item-body"
        >
          <div
            className="item-image"
            onClick={[Function]}
          >
            <div>
              <img
                alt="Nam vel tincidunt ante, in mattis velit"
                className="no-img"
                onError={[Function]}
                src="noimage.svg"
              />
            </div>
          </div>
          <div
            className="item-summary"
          >
            <div
              className="item-title"
            >
              <a
                onClick={[Function]}
              >
                Nam vel tincidunt ante, in mattis velit
              </a>
            </div>
            <div
              className="item-body"
            >
              <a
                onClick={[Function]}
              >
                Lorem ipsum dolor sit amet
              </a>
            </div>
          </div>
          <div
            className="item-controls"
          >
            <span />
            <div
              className="btn-controls"
            >
              <a
                className="btn-clone"
                onClick={[Function]}
              >
                <span
                  title="Clone"
                >
                  <svg
                    fill="none"
                    height="16"
                    stroke="currentColor"
                    strokeLinecap="square"
                    strokeLinejoin="round"
                    strokeWidth="2.5"
                    viewBox="0 0 24 24"
                    width="16"
                    xmlns="http://www.w3.org/2000/svg"
                  >
                    <rect
                      height="13"
                      rx="2"
                      ry="2"
                      width="13"
                      x="9"
                      y="9"
                    />
                    <path
                      d="M5 15H4a2 2 0 0 1-2-2V4a2 2 0 0 1 2-2h9a2 2 0 0 1 2 2v1"
                    />
                  </svg>
                </span>
              </a>
              <a
                className="btn-edit"
                onClick={[Function]}
              >
                <span
                  title="Edit"
                >
                  <svg
                    viewBox="0 0 24 24"
                  >
                    <path
                      d="M14.06,9L15,9.94L5.92,19H5V18.08L14.06,9M17.66,3C17.41,3 17.15,3.1 16.96,3.29L15.13,5.12L18.88,8.87L20.71,7.04C21.1,6.65 21.1,6 20.71,5.63L18.37,3.29C18.17,3.09 17.92,3 17.66,3M14.06,6.19L3,17.25V21H6.75L17.81,9.94L14.06,6.19Z"
                      fill="currentColor"
                    />
                  </svg>
                </span>
              </a>
              <a
                className="btn-delete"
                onClick={[Function]}
              >
                <span
                  title="Delete"
                >
                  <svg
                    viewBox="0 0 24 24"
                  >
                    <path
                      d="M6,19A2,2 0 0,0 8,21H16A2,2 0 0,0 18,19V7H6V19M8.46,11.88L9.87,10.47L12,12.59L14.12,10.47L15.53,11.88L13.41,14L15.53,16.12L14.12,17.53L12,15.41L9.88,17.53L8.47,16.12L10.59,14L8.46,11.88M15.5,4L14.5,3H9.5L8.5,4H5V6H19V4H15.5Z"
                      fill="currentColor"
                    />
                  </svg>
                </span>
              </a>
            </div>
          </div>
        </div>
      </div>
      <div
        className="drafts-list-item"
      >
        <div
          className="item-header"
        >
          <div
            className="item-header-main"
          >
            <div
              className="author-part"
            >
              <a
                className="author-avatar"
              >
                <span
                  className="user-avatar medium"
                  style={
                    Object {
                      "backgroundImage": "url(https://images.ecency.com/u/talhasch/avatar/medium)",
                    }
                  }
                />
              </a>
              <a
                className="author"
              >
                talhasch
                <span
                  className="author-reputation"
                >
                  52
                </span>
              </a>
            </div>
            <span
              className="category"
              title="Moderated community"
            >
              GEMS
            </span>
            <span
              className="date"
              title="2020-01-01 23:12:00"
            >
              3 days ago
            </span>
          </div>
        </div>
        <div
          className="item-body"
        >
          <div
            className="item-image"
            onClick={[Function]}
          >
            <div>
              <img
                alt="Nam quis enim laoreet"
                className="no-img"
                onError={[Function]}
                src="noimage.svg"
              />
            </div>
          </div>
          <div
            className="item-summary"
          >
            <div
              className="item-title"
            >
              <a
                onClick={[Function]}
              >
                Nam quis enim laoreet
              </a>
            </div>
            <div
              className="item-body"
            >
              <a
                onClick={[Function]}
              >
                Vivamus vel lorem ut metus lacinia pharetra.
              </a>
            </div>
          </div>
          <div
            className="item-controls"
          >
            <span />
            <div
              className="btn-controls"
            >
              <a
                className="btn-clone"
                onClick={[Function]}
              >
                <span
                  title="Clone"
                >
                  <svg
                    fill="none"
                    height="16"
                    stroke="currentColor"
                    strokeLinecap="square"
                    strokeLinejoin="round"
                    strokeWidth="2.5"
                    viewBox="0 0 24 24"
                    width="16"
                    xmlns="http://www.w3.org/2000/svg"
                  >
                    <rect
                      height="13"
                      rx="2"
                      ry="2"
                      width="13"
                      x="9"
                      y="9"
                    />
                    <path
                      d="M5 15H4a2 2 0 0 1-2-2V4a2 2 0 0 1 2-2h9a2 2 0 0 1 2 2v1"
                    />
                  </svg>
                </span>
              </a>
              <a
                className="btn-edit"
                onClick={[Function]}
              >
                <span
                  title="Edit"
                >
                  <svg
                    viewBox="0 0 24 24"
                  >
                    <path
                      d="M14.06,9L15,9.94L5.92,19H5V18.08L14.06,9M17.66,3C17.41,3 17.15,3.1 16.96,3.29L15.13,5.12L18.88,8.87L20.71,7.04C21.1,6.65 21.1,6 20.71,5.63L18.37,3.29C18.17,3.09 17.92,3 17.66,3M14.06,6.19L3,17.25V21H6.75L17.81,9.94L14.06,6.19Z"
                      fill="currentColor"
                    />
                  </svg>
                </span>
              </a>
              <a
                className="btn-delete"
                onClick={[Function]}
              >
                <span
                  title="Delete"
                >
                  <svg
                    viewBox="0 0 24 24"
                  >
                    <path
                      d="M6,19A2,2 0 0,0 8,21H16A2,2 0 0,0 18,19V7H6V19M8.46,11.88L9.87,10.47L12,12.59L14.12,10.47L15.53,11.88L13.41,14L15.53,16.12L14.12,17.53L12,15.41L9.88,17.53L8.47,16.12L10.59,14L8.46,11.88M15.5,4L14.5,3H9.5L8.5,4H5V6H19V4H15.5Z"
                      fill="currentColor"
                    />
                  </svg>
                </span>
              </a>
            </div>
          </div>
        </div>
      </div>
    </div>
  </div>
</div>
`;
