// Jest Snapshot v1, https://goo.gl/fbAQLP

exports[`(1) Default Render 1`] = `
<div
  className="switch-language"
>
  <div
    className="custom-dropdown float-right"
    onClick={[Function]}
    onMouseEnter={[Function]}
    onMouseLeave={[Function]}
  >
    <div
      className="dropdown-btn"
    >
      <div
        className="label"
      >
        EN
      </div>
      <div
        className="menu-down"
      >
        <svg
          viewBox="0 0 24 24"
        >
          <path
            d="M7,10L12,15L17,10H7Z"
            fill="currentColor"
          />
        </svg>
      </div>
    </div>
  </div>
</div>
`;
