// Jest Snapshot v1, https://goo.gl/fbAQLP

exports[`(1) Default 1`] = `
<div
  className="viewLayouts"
/>
`;

exports[`(2) Toggled 1`] = `
<div
  className="viewLayouts"
>
  <div
    className="custom-dropdown float-right"
    onClick={[Function]}
    onMouseEnter={[Function]}
    onMouseLeave={[Function]}
  >
    <span
      className="view-feed"
    >
      <span
        className="view-layout "
      >
        <svg
          viewBox="0 0 24 24"
        >
          <path
            d="M16,5V11H21V5M10,11H15V5H10M16,18H21V12H16M10,18H15V12H10M4,18H9V12H4M4,11H9V5H4V11Z"
            fill="currentColor"
          />
        </svg>
      </span>
       
      <span
        className="menu-down-icon "
      >
        <svg
          viewBox="0 0 24 24"
        >
          <path
            d="M7,10L12,15L17,10H7Z"
            fill="currentColor"
          />
        </svg>
      </span>
    </span>
  </div>
</div>
`;
