// Jest Snapshot v1, https://goo.gl/fbAQLP

exports[`(1) Default render 1`] = `
<div
  className="preferences"
>
  <div
    className="preferences-header"
  >
    Preferences
  </div>
  <div
    className="form-row"
  >
    <div
      className="col-xl-4 col-lg-6"
    >
      <div
        className="form-group"
      >
        <label
          className="form-label"
        >
          Notification alerts
        </label>
        <select
          className="form-control"
          onChange={[Function]}
          type="text"
          value={1}
        >
          <option
            value={1}
          >
            On
          </option>
          <option
            value={0}
          >
            Off
          </option>
        </select>
      </div>
    </div>
    <div
      className="col-xl-4 col-lg-6"
    >
      <div
        className="form-group"
      >
        <label
          className="form-label"
        >
          Currency
        </label>
        <select
          className="form-control"
          disabled={false}
          onChange={[Function]}
          type="text"
          value="usd"
        >
          <option
            value="btc"
          >
            BTC
          </option>
          <option
            value="hbd"
          >
            Hive Based Dollar
          </option>
          <option
            value="usd"
          >
            USD
          </option>
          <option
            value="eur"
          >
            EUR
          </option>
          <option
            value="brl"
          >
            BRL
          </option>
          <option
            value="rub"
          >
            RUB
          </option>
          <option
            value="gbp"
          >
            GBP
          </option>
          <option
            value="jpy"
          >
            JPY
          </option>
          <option
            value="krw"
          >
            KRW
          </option>
          <option
            value="inr"
          >
            INR
          </option>
          <option
            value="cny"
          >
            CNY
          </option>
          <option
            value="uah"
          >
            UAH
          </option>
          <option
            value="sek"
          >
            SEK
          </option>
          <option
            value="try"
          >
            TRY
          </option>
          <option
            value="cad"
          >
            CAD
          </option>
          <option
            value="chf"
          >
            CHF
          </option>
          <option
            value="aud"
          >
            AUD
          </option>
          <option
            value="nok"
          >
            NOK
          </option>
          <option
            value="pln"
          >
            PLN
          </option>
          <option
            value="php"
          >
            PHP
          </option>
          <option
            value="idr"
          >
            IDR
          </option>
          <option
            value="zar"
          >
            ZAR
          </option>
          <option
            value="thb"
          >
            THB
          </option>
          <option
            value="pkr"
          >
            PKR
          </option>
          <option
            value="vnd"
          >
            VND
          </option>
          <option
            value="ngn"
          >
            NGN
          </option>
        </select>
      </div>
    </div>
    <div
      className="col-xl-4 col-lg-6"
    >
      <div
        className="form-group"
      >
        <label
          className="form-label"
        >
          Language
        </label>
        <select
          className="form-control"
          disabled={false}
          onChange={[Function]}
          type="text"
          value="en-US"
        >
          <option
            value="en-US"
          >
            English
          </option>
          <option
            value="es-ES"
          >
            Español
          </option>
          <option
            value="hi-IN"
          >
            हिन्दी
          </option>
          <option
            value="it-IT"
          >
            Italiano
          </option>
          <option
            value="id-ID"
          >
            Bahasa Indonesia
          </option>
          <option
            value="pt-PT"
          >
            Português
          </option>
          <option
            value="sr-CS"
          >
            Srpski
          </option>
          <option
            value="fi-FI"
          >
            Suomi
          </option>
          <option
            value="uk-UA"
          >
            Українська
          </option>
          <option
            value="bg-BG"
          >
            Български
          </option>
          <option
            value="ru-RU"
          >
            Русский
          </option>
          <option
            value="uz-UZ"
          >
            O'zbekcha
          </option>
          <option
            value="zh-CN"
          >
            简体字
          </option>
        </select>
      </div>
    </div>
  </div>
  <div
    className="form-row"
  >
    <div
      className="col-xl-4 col-lg-6"
    >
      <div
        className="form-group"
      >
        <label
          className="form-label"
        >
          Show NSFW content
        </label>
        <select
          className="form-control"
          onChange={[Function]}
          type="text"
          value={0}
        >
          <option
            value={1}
          >
            On
          </option>
          <option
            value={0}
          >
            Off
          </option>
        </select>
      </div>
    </div>
    <div
      className="col-xl-4 col-lg-6"
    >
      <div
        className="form-group"
      >
        <label
          className="form-label"
        >
          Referral link
        </label>
        <div
          className="mb-3 input-group"
          onClick={[Function]}
        >
          <input
            className="text-primary pointer form-control"
            disabled={true}
            value="https://ecency.com/signup?referral=foo"
          />
          <div
            className="input-group-append"
          >
            <button
              className="copy-to-clipboard btn btn-primary btn-sm"
              disabled={false}
              onClick={[Function]}
              type="button"
            >
              <svg
                fill="#FFFFFF"
                height="24px"
                viewBox="0 0 24 24"
                width="24px"
                xmlns="http://www.w3.org/2000/svg"
              >
                <path
                  d="M0 0h24v24H0V0z"
                  fill="none"
                />
                <path
                  d="M16 1H4c-1.1 0-2 .9-2 2v14h2V3h12V1zm3 4H8c-1.1 0-2 .9-2 2v14c0 1.1.9 2 2 2h11c1.1 0 2-.9 2-2V7c0-1.1-.9-2-2-2zm0 16H8V7h11v14z"
                />
              </svg>
            </button>
          </div>
        </div>
      </div>
    </div>
    <div
      className="col-xl-4 col-lg-6"
    >
      <div
        className="form-group"
      >
        <label
          className="form-label"
        >
          Theme Settings
        </label>
        <select
          className="form-control"
          onChange={[Function]}
          type="text"
        >
          <option
            value="system"
          >
            System Default
          </option>
          <option
            value="day"
          >
            Day mode
          </option>
          <option
            value="night"
          >
            Night mode
          </option>
        </select>
      </div>
    </div>
    <div
      className="col-xl-12 col-lg-6"
    >
      Entry Item Options
       
    </div>
    <hr />
    <div
      className="col-xl-4 col-lg-6"
    >
      <div
        className="form-group"
      >
        <label
          className="form-label"
        >
          Show Self Vote flag
        </label>
        <select
          className="form-control"
          onChange={[Function]}
          type="text"
          value="true"
        >
          <option
            value="true"
          >
            On
          </option>
          <option
            value="false"
          >
            Off
          </option>
        </select>
      </div>
    </div>
    <div
      className="col-xl-4 col-lg-6"
    >
      <div
        className="form-group"
      >
        <label
          className="form-label"
        >
          Show Hive Power/Hive Dollar Breakdown
        </label>
        <select
          className="form-control"
          onChange={[Function]}
          type="text"
          value="true"
        >
          <option
            value="true"
          >
            On
          </option>
          <option
            value="false"
          >
            Off
          </option>
        </select>
      </div>
    </div>
    <div
      className="col-xl-4 col-lg-6"
    >
      <div
        className="form-group"
      >
        <label
          className="form-label"
        >
          Low maximum accepted reward threshold
        </label>
        <input
          className="form-control"
          defaultValue={100}
          onChange={[Function]}
          type="text"
        />
      </div>
    </div>
    <div
      className="col-xl-4 col-lg-6"
    >
      <div
        className="form-group"
      >
        <label
          className="form-label"
        >
          Show front end name
        </label>
        <select
          className="form-control"
          onChange={[Function]}
          type="text"
          value="true"
        >
          <option
            value="true"
          >
            On
          </option>
          <option
            value="false"
          >
            Off
          </option>
        </select>
      </div>
    </div>
    <div
      className="col-xl-12 col-lg-6"
    >
      <div
        className="form-group"
      >
        <label
          className="form-label"
        >
          Footer for your posts
        </label>
        <textarea
          className="the-editor accepts-emoji form-control form-control"
          defaultValue="Posted with [proof of brain](https://proofofbrain.blog)"
          id="the-footer-editor"
          onChange={[Function]}
          placeholder="Tell your story..."
          spellCheck={true}
        />
      </div>
    </div>
    <div
      className="col-xl-12"
    >
      <label
        className="form-label"
      >
        Footer Preview
      </label>
      <br />
      <div
        className="preview-body markdown-view"
        dangerouslySetInnerHTML={
          Object {
            "__html": "<p>Posted with <a href=\\"https://proofofbrain.blog\\" class=\\"markdown-external-link\\" target=\\"_blank\\" rel=\\"noopener\\">proof of brain</a></p>",
          }
        }
      />
    </div>
  </div>
</div>
`;
