// Jest Snapshot v1, https://goo.gl/fbAQLP

exports[`(1) Purchase 1`] = `
<div
  className="purchase-dialog-content"
>
  <div
    className="curr-select"
  >
    <div
      className="curr-label"
    >
      Select Asset
    </div>
    <div
      className="nav nav-pills"
    >
      <div
        className="nav-item"
      >
        <a
          className="nav-link active"
          href="#"
          onClick={[Function]}
        >
          HIVE
        </a>
      </div>
      <div
        className="nav-item"
      >
        <a
          className="nav-link"
          href="#"
          onClick={[Function]}
        >
          HBD
        </a>
      </div>
    </div>
  </div>
  <div
    className="input-amounts"
  >
    <div
      className="asset-amount"
    >
      250.000 HIVE
    </div>
    <div
      className="usd-amount"
    >
      62.381
       
      $
    </div>
  </div>
  <div
    className="slider-area"
  >
    <input
      autoFocus={true}
      className="border-2 rounded-3xl py-2 px-3 w-full outline-none shadow-0 focus:border-gray-500 hover:border-gray-300 duration-300 dark:border-gray-700 dark:hover:border-gray-600 dark:bg-gray-800 aria-invalid:border-red"
      max={10000}
      min={1}
      onChange={[Function]}
      step={0.001}
      type="range"
      value={250}
    />
    <small
      className="text-gray-600"
    >
      Drag the slider to adjust the amount.
    </small>
  </div>
  <div
    className="point-amount"
  >
    31,190.641
     
    POINTS
  </div>
  <div
    className="text-center flex flex-col items-center"
  >
    <button
      className="cursor-pointer rounded-full duration-300 no-wrap bg-blue-dark-sky hover:bg-blue-dark-sky-hover focus:bg-blue-dark-sky-active text-white disabled:opacity-50 disabled:hover:bg-blue-dark-sky disabled:focus:bg-blue-dark-sky h-[2.125rem] px-3 "
      onClick={[Function]}
      style={
        Object {
          "outline": "none",
        }
      }
      type="button"
    >
      <div>
        Purchase
      </div>
    </button>
    <span
      className="flex text-gray-600 mt-3 items-center"
    >
      <h4
        className="text-white my-0 mr-1"
      >
        ⓘ
      </h4>
       
      Or send any amount to @esteem.app with \`points\` as a memo to purchase Points.
    </span>
  </div>
</div>
`;

exports[`(2) Should switch to transfer 1`] = `
<div
  className="transfer-dialog-content"
>
  <div
    className="transaction-form "
  >
    <div
      className="transaction-form-header"
    >
      <div
        className="step-no"
      >
        1
      </div>
      <div
        className="box-titles"
      >
        <div
          className="main-title"
        >
          Transfer to Account
        </div>
        <div
          className="sub-title"
        >
          Move funds to another Hive account
        </div>
      </div>
    </div>
    <form
      className="block transaction-form-body"
    >
      <div
        className="grid items-center grid-cols-12 mb-4"
      >
        <div
          className="col-span-12 sm:col-span-2"
        >
          <label>
            From
          </label>
        </div>
        <div
          className="col-span-12 sm:col-span-10"
        >
          <div
            className="ecency-input-group flex items-stretch w-full [&>input]:rounded-[0] [&>input:first-child]:rounded-l-full [&>input:last-child]:rounded-r-full [&>.ecency-input-group-part>button]:rounded-tl-none [&>.ecency-input-group-part>button]:rounded-bl-none [&>.ecency-input-group-part>button]:h-[2.75rem]"
          >
            <div
              className="ecency-input-group-part ecency-input-group-prepend flex items-center justify-center border-r-0 rounded-tl-full rounded-bl-full bg-gray-200 dark:bg-gray-600 dark:border-gray-600 px-2.5 [&>svg]:w-4 [&>svg]:h-4 px-2 border-2"
              onClick={[Function]}
            >
              @
            </div>
            <input
              className="border-2 rounded-3xl py-2 px-3 w-full outline-none shadow-0 focus:border-gray-500 hover:border-gray-300 duration-300 dark:border-gray-700 dark:hover:border-gray-600 dark:bg-gray-800 aria-invalid:border-red"
              readOnly={true}
              type="text"
              value="foo"
            />
          </div>
        </div>
      </div>
      <div
        className="grid items-center grid-cols-12 mb-4"
      >
        <div
          className="col-span-12 sm:col-span-2"
        >
          <label>
            To
          </label>
        </div>
        <div
          className="col-span-12 sm:col-span-10"
        >
          <div
            className="suggestion relative"
          >
            <div
              className="ecency-input-group flex items-stretch w-full [&>input]:rounded-[0] [&>input:first-child]:rounded-l-full [&>input:last-child]:rounded-r-full [&>.ecency-input-group-part>button]:rounded-tl-none [&>.ecency-input-group-part>button]:rounded-bl-none [&>.ecency-input-group-part>button]:h-[2.75rem]"
            >
              <div
                className="ecency-input-group-part ecency-input-group-prepend flex items-center justify-center border-r-0 rounded-tl-full rounded-bl-full bg-gray-200 dark:bg-gray-600 dark:border-gray-600 px-2.5 [&>svg]:w-4 [&>svg]:h-4 px-2 border-2"
                onClick={[Function]}
              >
                @
              </div>
              <input
                autoFocus={false}
                className="border-2 rounded-3xl py-2 px-3 w-full outline-none shadow-0 focus:border-gray-500 hover:border-gray-300 duration-300 dark:border-gray-700 dark:hover:border-gray-600 dark:bg-gray-800 aria-invalid:border-red"
                onChange={[Function]}
                placeholder="username"
                type="text"
                value="esteem.app"
              />
            </div>
            <div />
          </div>
        </div>
      </div>
      
      
      
      <div
        className="grid items-center grid-cols-12"
      >
        <div
          className="col-span-12 sm:col-span-2"
        >
          <label>
            Amount
          </label>
        </div>
        <div
          className="col-span-12 sm:col-span-10 flex items-center"
        >
          <div
            className="ecency-input-group flex items-stretch w-full [&>input]:rounded-[0] [&>input:first-child]:rounded-l-full [&>input:last-child]:rounded-r-full [&>.ecency-input-group-part>button]:rounded-tl-none [&>.ecency-input-group-part>button]:rounded-bl-none [&>.ecency-input-group-part>button]:h-[2.75rem]"
          >
            <div
              className="ecency-input-group-part ecency-input-group-prepend flex items-center justify-center border-r-0 rounded-tl-full rounded-bl-full bg-gray-200 dark:bg-gray-600 dark:border-gray-600 px-2.5 [&>svg]:w-4 [&>svg]:h-4 px-2 border-2"
              onClick={[Function]}
            >
              #
            </div>
            <input
              autoFocus={false}
              className="border-2 rounded-3xl py-2 px-3 w-full outline-none shadow-0 focus:border-gray-500 hover:border-gray-300 duration-300 dark:border-gray-700 dark:hover:border-gray-600 dark:bg-gray-800 aria-invalid:border-red is-invalid"
              onChange={[Function]}
              placeholder="amount"
              type="text"
              value="250"
            />
          </div>
          <div
            className="asset-switch"
          >
            <a
              className="asset selected"
              onClick={[Function]}
            >
              HIVE
            </a>
            <a
              className="asset "
              onClick={[Function]}
            >
              HBD
            </a>
            <a
              className="asset "
              onClick={[Function]}
            >
              POINT
            </a>
          </div>
        </div>
      </div>
      <div
        className="grid grid-cols-12"
      >
        <div
          className="col-span-12 md:col-span-10 col-start-2"
        >
          <small
            className="text-danger tr-form-text"
          >
            Insufficient funds
          </small>
        </div>
      </div>
      <div
        className="grid items-center grid-cols-12"
      >
        <div
          className="col-span-12 lg:col-span-10 lg:col-start-3"
        >
          <div
            className="balance"
          >
            <span
              className="balance-label"
            >
              Balance
              : 
            </span>
            <span
              className="balance-num"
              onClick={[Function]}
            >
              12.234
               
              HIVE
            </span>
          </div>
        </div>
      </div>
      <div
        className="grid items-center grid-cols-12 mb-4"
      >
        <div
          className="col-span-12 sm:col-span-2"
        >
          <label>
            Memo
          </label>
        </div>
        <div
          className="col-span-12 sm:col-span-10"
        >
          <input
            className="border-2 rounded-3xl py-2 px-3 w-full outline-none shadow-0 focus:border-gray-500 hover:border-gray-300 duration-300 dark:border-gray-700 dark:hover:border-gray-600 dark:bg-gray-800 aria-invalid:border-red"
            onChange={[Function]}
            placeholder="enter your notes here"
            type="text"
            value="points"
          />
          <div
            className="grid grid-cols-12"
          >
            <div
              className="col-span-12 md:col-span-10 col-start-2"
            >
              <small
                className="text-muted tr-form-text"
              >
                This memo is public
              </small>
            </div>
          </div>
          
        </div>
      </div>
      <div
        className="grid items-center grid-cols-12 mb-4"
      >
        <div
          className="col-span-12 sm:col-span-10 sm:col-start-3"
        >
          <button
            className="cursor-pointer rounded-full duration-300 no-wrap bg-blue-dark-sky hover:bg-blue-dark-sky-hover focus:bg-blue-dark-sky-active text-white disabled:opacity-50 disabled:hover:bg-blue-dark-sky disabled:focus:bg-blue-dark-sky h-[2.125rem] px-3 "
            disabled={true}
            onClick={[Function]}
            style={
              Object {
                "outline": "none",
              }
            }
            type="button"
          >
            <div>
              Next
            </div>
          </button>
        </div>
      </div>
    </form>
  </div>
</div>
`;
